../Core/Src/menu.c:61:6:Menu_Init	8	static
../Core/Src/menu.c:67:6:Menu_HandleButtons	16	static
../Core/Src/menu.c:191:6:Menu_Draw	8	static
../Core/Src/menu.c:217:6:Draw_Menu	24	static
../Core/Src/menu.c:241:6:Draw_PIDMenu	16	static
../Core/Src/menu.c:285:6:Draw_Info	16	static
../Core/Src/menu.c:308:6:Draw_Running	8	static
../Core/Src/menu.c:325:6:Action_StartRobot	8	static
../Core/Src/menu.c:331:6:Action_StopRobot	8	static
../Core/Src/menu.c:339:6:Action_AutoCalibrate	8	static
../Core/Src/menu.c:352:6:Action_ManualCalibrate	4	static
../Core/Src/menu.c:356:6:Action_ViewCalibration	4	static
../Core/Src/menu.c:360:6:Action_SaveCalibration	4	static
../Core/Src/menu.c:364:6:Action_AdjustKp	4	static
../Core/Src/menu.c:368:6:Action_AdjustKi	4	static
../Core/Src/menu.c:372:6:Action_AdjustKd	4	static
../Core/Src/menu.c:376:6:Action_AdjustSpeed	4	static
../Core/Src/menu.c:380:6:Action_ShowInfo	4	static
../Core/Src/menu.c:385:6:Menu_Update	8	static
